
> rest-express@1.0.0 check
> tsc

client/src/hooks/use-nexus-data.ts(112,64): error TS2345: Argument of type '"taskDependencyScopeRules"' is not assignable to parameter of type 'keyof NexusDB'.
client/src/lib/import-to-wizard-adapter.ts(1450,5): error TS2561: Object literal may only specify known properties, but 'client' does not exist in type 'ProjectData'. Did you mean to write 'clientId'?
client/src/pages/import-summary.tsx(877,67): error TS2322: Type 'string | null' is not assignable to type 'string | undefined'.
  Type 'null' is not assignable to type 'string | undefined'.
client/src/pages/milestones-management.tsx(202,36): error TS18048: 'epic.stageIds' is possibly 'undefined'.
client/src/pages/stage-view-settings.tsx(187,23): error TS2322: Type '(v: "asc" | "desc") => void' is not assignable to type '(value: string) => void'.
  Types of parameters 'v' and 'value' are incompatible.
    Type 'string' is not assignable to type '"asc" | "desc"'.
server/api/routes/import-export.ts(10,3): error TS2724: '"@shared/schema"' has no exported member named 'insertRoleAssignmentSchema'. Did you mean 'insertClientSchema'?
server/api/routes/import-export.ts(310,39): error TS2339: Property 'getRoleAssignments' does not exist on type 'DatabaseStorage'.
server/api/routes/import-export.ts(323,40): error TS2339: Property 'createRoleAssignment' does not exist on type 'DatabaseStorage'.
server/api/routes/import-export.ts(332,40): error TS2339: Property 'updateRoleAssignment' does not exist on type 'DatabaseStorage'.
server/api/routes/import-export.ts(340,19): error TS2339: Property 'deleteRoleAssignment' does not exist on type 'DatabaseStorage'.
server/api/routes/import-export.ts(544,49): error TS2551: Property 'project' does not exist on type '{ id: string; status: string; createdAt: Date | null; updatedAt: Date | null; description: string | null; updatedBy: string | null; createdBy: string | null; deadline: string; ... 22 more ...; assignedRoleId: string | null; }'. Did you mean 'projectId'?
server/api/routes/import-export.ts(2687,60): error TS2339: Property 'getRoleAssignments' does not exist on type 'DatabaseStorage'.
server/api/routes/search.ts(53,37): error TS2551: Property 'client' does not exist on type '{ name: string; id: string; status: string; permissions: unknown; createdAt: Date | null; updatedAt: Date | null; description: string | null; updatedBy: string | null; createdBy: string | null; ... 9 more ...; externalRefs: { ...; }[] | null; }'. Did you mean 'clientId'?
server/api/routes/search.ts(60,31): error TS2551: Property 'client' does not exist on type '{ name: string; id: string; status: string; permissions: unknown; createdAt: Date | null; updatedAt: Date | null; description: string | null; updatedBy: string | null; createdBy: string | null; ... 9 more ...; externalRefs: { ...; }[] | null; }'. Did you mean 'clientId'?
server/data/repositories/milestone-repository.ts(25,56): error TS2769: No overload matches this call.
  Overload 1 of 2, '(value: { name: string | SQL<unknown> | Placeholder<string, any>; id: string | SQL<unknown> | Placeholder<string, any>; description: string | SQL<unknown> | Placeholder<...>; ... 20 more ...; scopeRules?: SQL<...> | ... 3 more ... | undefined; }): PgInsertBase<...>', gave the following error.
    Argument of type '{ id: any; name: string; description: string; ownerId: string; targetDate: string; scopeType: string; completionMode: string; status?: string | undefined; createdAt?: Date | undefined; ... 14 more ...; scopeRules?: { ...; } | ... 1 more ... | undefined; }' is not assignable to parameter of type '{ name: string | SQL<unknown> | Placeholder<string, any>; id: string | SQL<unknown> | Placeholder<string, any>; description: string | SQL<unknown> | Placeholder<string, any>; ... 20 more ...; scopeRules?: SQL<...> | ... 3 more ... | undefined; }'.
      Types of property 'scopeRules' are incompatible.
        Type '{ [x: number]: { id: string; label: string; stageFilter: string; epicTypeFilter: string; taskTemplateFilter: string; isActive: boolean; }; length: number; toString: () => string; toLocaleString: { ...; }; ... 37 more ...; readonly [Symbol.unscopables]: { ...; }; } | null | undefined' is not assignable to type 'SQL<unknown> | MilestoneTemplateScopeRule[] | Placeholder<string, any> | null | undefined'.
          Type '{ [x: number]: { id: string; label: string; stageFilter: string; epicTypeFilter: string; taskTemplateFilter: string; isActive: boolean; }; length: number; toString: () => string; toLocaleString: { (): string; (locales: string | string[], options?: (NumberFormatOptions & DateTimeFormatOptions) | undefined): string; }...' is not assignable to type 'SQL<unknown> | MilestoneTemplateScopeRule[] | Placeholder<string, any> | null | undefined'.
            Type '{ [x: number]: { id: string; label: string; stageFilter: string; epicTypeFilter: string; taskTemplateFilter: string; isActive: boolean; }; length: number; toString: () => string; toLocaleString: { (): string; (locales: string | string[], options?: (NumberFormatOptions & DateTimeFormatOptions) | undefined): string; }...' is not assignable to type 'MilestoneTemplateScopeRule[]'.
              The types returned by 'pop()' are incompatible between these types.
                Type 'unknown' is not assignable to type 'MilestoneTemplateScopeRule | undefined'.
  Overload 2 of 2, '(values: { name: string | SQL<unknown> | Placeholder<string, any>; id: string | SQL<unknown> | Placeholder<string, any>; description: string | SQL<unknown> | Placeholder<...>; ... 20 more ...; scopeRules?: SQL<...> | ... 3 more ... | undefined; }[]): PgInsertBase<...>', gave the following error.
    Object literal may only specify known properties, and 'id' does not exist in type '{ name: string | SQL<unknown> | Placeholder<string, any>; id: string | SQL<unknown> | Placeholder<string, any>; description: string | SQL<unknown> | Placeholder<string, any>; ... 20 more ...; scopeRules?: SQL<...> | ... 3 more ... | undefined; }[]'.
server/db/seed.ts(732,33): error TS2339: Property 'createRoleAssignment' does not exist on type 'DatabaseStorage'.
server/services/user-management/index.ts(11,3): error TS2305: Module '"@shared/schema"' has no exported member 'roleAssignments'.
