Flattened project: {
  id: 'temp-4fda020c-4468-4352-86a4-5a6727e097a2',
  name: 'Enterprise Architecture Assessment & Modernization',
  description: 'Assess current state architecture and develop a 36-month modernization roadmap and future-state options.',
  clientId: 'Internal',
  status: 'Not Started',
  startDate: '2026-03-16',
  deadline: '2026-06-30',
  sprintDurationWeeks: 1,
  ownerId: '0',
  progress: 0,
  roles: [
    {
      id: 'r-1773124065228-0.08271018260170067',
      projectId: 'temp-4fda020c-4468-4352-86a4-5a6727e097a2',
      templateId: 'tmpl-role-sponsor',
      name: 'Project Sponsor',
      description: 'Executive champion',
      roleType: 'sponsor',
      isCore: true,
      assigneeId: null
    }
  ]
}
Sending project data to /api/projects: {
  id: 'temp-4fda020c-4468-4352-86a4-5a6727e097a2',
  name: 'Enterprise Architecture Assessment & Modernization',
  description: 'Assess current state architecture and develop a 36-month modernization roadmap and future-state options.',
  clientId: 'Internal',
  status: 'Not Started',
  startDate: '2026-03-16',
  deadline: '2026-06-30',
  sprintDurationWeeks: 1,
  ownerId: '0',
  progress: 0,
  roles: [
    {
      id: 'r-1773124065228-0.08271018260170067',
      projectId: 'temp-4fda020c-4468-4352-86a4-5a6727e097a2',
      templateId: 'tmpl-role-sponsor',
      name: 'Project Sponsor',
      description: 'Executive champion',
      roleType: 'sponsor',
      isCore: true,
      assigneeId: null
    }
  ]
}
Project creation response status: 400
Response body: {"error":"insert or update on table \"projects\" violates foreign key constraint \"projects_owner_id_users_id_fk\""}
